---
source: tests/integration_tests.rs
expression: "cmd_output(&mut\ncargo::cargo_bin_cmd!().current_dir(\"examples/analyze/arithmetic\").arg(\"analyze\").arg(\"compare\").arg(\"policies1.cedar\").arg(\"policies2.cedar\").arg(\"policies.cedarschema\"),\nfalse,)"
---
+---------------+------------+--------------+-------------------------------------+
| PrincipalType | ActionName | ResourceType | Result                              |
+---------------+------------+--------------+-------------------------------------+
| User          | view       | Thing        | pset1 is more permissive than pset2 |
+---------------+------------+--------------+-------------------------------------+
