---
source: tests/integration_tests.rs
expression: "cmd_output(&mut\ncargo::cargo_bin_cmd!().current_dir(\"examples/analyze/file_share_demo\").arg(\"analyze\").arg(\"compare\").arg(\"policies2.cedar\").arg(\"policies1.cedar\").arg(\"policies.cedarschema\"),\nfalse,)"
---
+---------------+----------------+--------------+------------------------------------------------------------------------------------------------+
| PrincipalType | ActionName     | ResourceType | Result                                                                                         |
+---------------+----------------+--------------+------------------------------------------------------------------------------------------------+
| User          | AddEditor      | Document     | pset1 is equivalent to pset2                                                                   |
+---------------+----------------+--------------+------------------------------------------------------------------------------------------------+
| User          | AddReader      | Document     | pset1 is equivalent to pset2                                                                   |
+---------------+----------------+--------------+------------------------------------------------------------------------------------------------+
| User          | CreateDocument | Drive        | pset1 is equivalent to pset2                                                                   |
+---------------+----------------+--------------+------------------------------------------------------------------------------------------------+
| User          | CreateGroup    | Drive        | pset1 is equivalent to pset2                                                                   |
+---------------+----------------+--------------+------------------------------------------------------------------------------------------------+
| User          | CreateUser     | Drive        | pset1 is equivalent to pset2                                                                   |
+---------------+----------------+--------------+------------------------------------------------------------------------------------------------+
| User          | DeleteUser     | User         | pset1 is more permissive than pset2                                                            |
|               |                |              | Example: principal: App::User::"", action: App::Action::"DeleteUser", resource: App::User::"A" |
|               |                |              | entities: [                                                                                    |
|               |                |              |   App::Action::"AddEditor",                                                                    |
|               |                |              |   App::Action::"AddReader",                                                                    |
|               |                |              |   App::Action::"CreateDocument",                                                               |
|               |                |              |   App::Action::"CreateGroup",                                                                  |
|               |                |              |   App::Action::"CreateUser",                                                                   |
|               |                |              |   App::Action::"DeleteUser",                                                                   |
|               |                |              |   App::Action::"DownloadFile",                                                                 |
|               |                |              |   App::Action::"EditFile",                                                                     |
|               |                |              |   App::Action::"ViewFile",                                                                     |
|               |                |              |   App::Group::"",                                                                              |
|               |                |              |   App::Group::"Security",                                                                      |
|               |                |              |   App::Group::"admin",                                                                         |
|               |                |              |   App::User::"" in [App::Group::"admin"] {                                                     |
|               |                |              |     blocked: [App::User::""],                                                                  |
|               |                |              |     jobLevel: 9223372036854775807,                                                             |
|               |                |              |     jobTitle: "A",                                                                             |
|               |                |              |   },                                                                                           |
|               |                |              |   App::User::"A" in [App::Group::"admin"] {                                                    |
|               |                |              |     blocked: [],                                                                               |
|               |                |              |     jobLevel: (-1),                                                                            |
|               |                |              |     jobTitle: "VP",                                                                            |
|               |                |              |   },                                                                                           |
|               |                |              | ]                                                                                              |
+---------------+----------------+--------------+------------------------------------------------------------------------------------------------+
| User          | DownloadFile   | Document     | pset1 is equivalent to pset2                                                                   |
+---------------+----------------+--------------+------------------------------------------------------------------------------------------------+
| User          | EditFile       | Document     | pset1 is equivalent to pset2                                                                   |
+---------------+----------------+--------------+------------------------------------------------------------------------------------------------+
| User          | ViewFile       | Document     | pset1 is equivalent to pset2                                                                   |
+---------------+----------------+--------------+------------------------------------------------------------------------------------------------+
